// Jest Snapshot v1, https://goo.gl/fbAQLP

exports[`transformBudgetData works on single 1`] = `
{
  "months": [
    "Sep2014",
  ],
  "popupCells": [
    {
      "accountName": "main",
      "id": "owner1_main_Sep2014",
      "month": "Sep2014",
      "stmt": {
        "addSub": 100,
        "endBalance": Balance {
          "amount": 3000,
          "date": 2020-04-30T00:00:00.000Z,
          "type": "PROJECTED",
        },
        "hasProjectedTransfer": true,
        "inFlows": 150,
        "income": 0,
        "isClosed": true,
        "isCovered": true,
        "isProjectedCovered": true,
        "outFlows": 50,
        "percentChange": 1.4,
        "startBalance": Balance {
          "amount": 2900,
          "date": 2020-04-03T00:00:00.000Z,
          "type": "PROJECTED",
        },
        "totalPayments": 0,
        "totalTransfers": 0,
        "transactions": [],
        "unaccounted": 500,
      },
    },
    {
      "account": Account {
        "address": "some place",
        "closedOn": undefined,
        "description": "Main account",
        "name": "main",
        "number": "123",
        "openedOn": Month {
          "month": 7,
          "year": 2014,
        },
        "owners": [
          "owner1",
          "owner2",
        ],
        "password": "password",
        "phone": "123-456-7890",
        "type": "credit",
        "url": "http://somewhere",
        "userName": "user1",
      },
      "id": "main",
    },
    {
      "accountName": "owner1 credit",
      "id": "owner1_credit_Sep2014",
      "month": "Sep2014",
      "statements": [
        {
          "name": "main",
          "stmt": {
            "addSub": 100,
            "endBalance": Balance {
              "amount": 3000,
              "date": 2020-04-30T00:00:00.000Z,
              "type": "PROJECTED",
            },
            "hasProjectedTransfer": true,
            "inFlows": 150,
            "income": 0,
            "isClosed": true,
            "isCovered": true,
            "isProjectedCovered": true,
            "outFlows": 50,
            "percentChange": 1.4,
            "startBalance": Balance {
              "amount": 2900,
              "date": 2020-04-03T00:00:00.000Z,
              "type": "PROJECTED",
            },
            "totalPayments": 0,
            "totalTransfers": 0,
            "transactions": [],
            "unaccounted": 500,
          },
        },
      ],
      "summary": {
        "accounts": [
          "main",
        ],
        "addSub": 100,
        "endBalance": Balance {
          "amount": 3000,
          "date": 2020-04-30T00:00:00.000Z,
          "type": "PROJECTED",
        },
        "hasProjectedTransfer": true,
        "inFlows": 150,
        "income": 0,
        "isClosed": true,
        "isCovered": true,
        "isProjectedCovered": true,
        "outFlows": 50,
        "percentChange": 1.4,
        "startBalance": Balance {
          "amount": 2900,
          "date": 2020-04-03T00:00:00.000Z,
          "type": "PROJECTED",
        },
        "totalPayments": 0,
        "totalTransfers": 0,
        "transactions": [],
        "unaccounted": 200,
      },
    },
    {
      "accountName": "main",
      "id": "owner2_main_Sep2014",
      "month": "Sep2014",
      "stmt": {
        "addSub": 100,
        "endBalance": Balance {
          "amount": 3000,
          "date": 2020-04-30T00:00:00.000Z,
          "type": "PROJECTED",
        },
        "hasProjectedTransfer": true,
        "inFlows": 150,
        "income": 0,
        "isClosed": true,
        "isCovered": true,
        "isProjectedCovered": true,
        "outFlows": 50,
        "percentChange": 1.4,
        "startBalance": Balance {
          "amount": 2900,
          "date": 2020-04-03T00:00:00.000Z,
          "type": "PROJECTED",
        },
        "totalPayments": 0,
        "totalTransfers": 0,
        "transactions": [],
        "unaccounted": 500,
      },
    },
    {
      "account": Account {
        "address": "some place",
        "closedOn": undefined,
        "description": "Main account",
        "name": "main",
        "number": "123",
        "openedOn": Month {
          "month": 7,
          "year": 2014,
        },
        "owners": [
          "owner1",
          "owner2",
        ],
        "password": "password",
        "phone": "123-456-7890",
        "type": "credit",
        "url": "http://somewhere",
        "userName": "user1",
      },
      "id": "main",
    },
    {
      "accountName": "owner2 credit",
      "id": "owner2_credit_Sep2014",
      "month": "Sep2014",
      "statements": [
        {
          "name": "main",
          "stmt": {
            "addSub": 100,
            "endBalance": Balance {
              "amount": 3000,
              "date": 2020-04-30T00:00:00.000Z,
              "type": "PROJECTED",
            },
            "hasProjectedTransfer": true,
            "inFlows": 150,
            "income": 0,
            "isClosed": true,
            "isCovered": true,
            "isProjectedCovered": true,
            "outFlows": 50,
            "percentChange": 1.4,
            "startBalance": Balance {
              "amount": 2900,
              "date": 2020-04-03T00:00:00.000Z,
              "type": "PROJECTED",
            },
            "totalPayments": 0,
            "totalTransfers": 0,
            "transactions": [],
            "unaccounted": 500,
          },
        },
      ],
      "summary": {
        "accounts": [
          "main",
        ],
        "addSub": 100,
        "endBalance": Balance {
          "amount": 3000,
          "date": 2020-04-03T00:00:00.000Z,
          "type": "PROJECTED",
        },
        "hasProjectedTransfer": true,
        "inFlows": 150,
        "income": 0,
        "isClosed": true,
        "isCovered": true,
        "isProjectedCovered": true,
        "outFlows": 50,
        "percentChange": 1.4,
        "startBalance": Balance {
          "amount": 2900,
          "date": 2020-04-30T00:00:00.000Z,
          "type": "PROJECTED",
        },
        "totalPayments": 0,
        "totalTransfers": 0,
        "transactions": [],
        "unaccounted": 200,
      },
    },
  ],
  "rows": {
    "owner1": [
      Row {
        "account": undefined,
        "cells": [],
        "isNormal": false,
        "isSpace": true,
        "isTotal": false,
        "title": "credit accounts",
      },
      Row {
        "account": Account {
          "address": "some place",
          "closedOn": undefined,
          "description": "Main account",
          "name": "main",
          "number": "123",
          "openedOn": Month {
            "month": 7,
            "year": 2014,
          },
          "owners": [
            "owner1",
            "owner2",
          ],
          "password": "password",
          "phone": "123-456-7890",
          "type": "credit",
          "url": "http://somewhere",
          "userName": "user1",
        },
        "cells": [
          Cell {
            "addSub": 100,
            "balance": 3000,
            "balanced": false,
            "hasProjectedTransfer": true,
            "id": "owner1_main_Sep2014",
            "isClosed": true,
            "isCovered": true,
            "isProjected": true,
            "isProjectedCovered": true,
            "percentChange": 1.4,
            "unaccounted": 500,
          },
        ],
        "isNormal": true,
        "isSpace": false,
        "isTotal": false,
        "title": "main",
      },
      Row {
        "account": undefined,
        "cells": [
          Cell {
            "addSub": 100,
            "balance": 3000,
            "balanced": false,
            "hasProjectedTransfer": true,
            "id": "owner1_credit_Sep2014",
            "isClosed": true,
            "isCovered": true,
            "isProjected": true,
            "isProjectedCovered": true,
            "percentChange": 1.4,
            "unaccounted": 200,
          },
        ],
        "isNormal": false,
        "isSpace": false,
        "isTotal": true,
        "title": "credit",
      },
    ],
    "owner2": [
      Row {
        "account": undefined,
        "cells": [],
        "isNormal": false,
        "isSpace": true,
        "isTotal": false,
        "title": "credit accounts",
      },
      Row {
        "account": Account {
          "address": "some place",
          "closedOn": undefined,
          "description": "Main account",
          "name": "main",
          "number": "123",
          "openedOn": Month {
            "month": 7,
            "year": 2014,
          },
          "owners": [
            "owner1",
            "owner2",
          ],
          "password": "password",
          "phone": "123-456-7890",
          "type": "credit",
          "url": "http://somewhere",
          "userName": "user1",
        },
        "cells": [
          Cell {
            "addSub": 100,
            "balance": 3000,
            "balanced": false,
            "hasProjectedTransfer": true,
            "id": "owner2_main_Sep2014",
            "isClosed": true,
            "isCovered": true,
            "isProjected": true,
            "isProjectedCovered": true,
            "percentChange": 1.4,
            "unaccounted": 500,
          },
        ],
        "isNormal": true,
        "isSpace": false,
        "isTotal": false,
        "title": "main",
      },
      Row {
        "account": undefined,
        "cells": [
          Cell {
            "addSub": 100,
            "balance": 3000,
            "balanced": false,
            "hasProjectedTransfer": true,
            "id": "owner2_credit_Sep2014",
            "isClosed": true,
            "isCovered": true,
            "isProjected": true,
            "isProjectedCovered": true,
            "percentChange": 1.4,
            "unaccounted": 200,
          },
        ],
        "isNormal": false,
        "isSpace": false,
        "isTotal": true,
        "title": "credit",
      },
    ],
  },
}
`;
